Pq"1;1;24;24#0;2;0;0;0#1;2;92;10;14#2;2;13;69;29#3;2;100;100;100#0!24@$#1???{{!15?{{$#2!5?!15C$#3}}}AA!15yAA}}-#1???~~!15?~~$#2!5?!15_$#3~~~??!15^??~~-#1???~~!15?~~$#2!5?!15@$#3~~~??!15}??~~-#0!24_$#1???NN!15?NN$#2!5?!15G$#3^^^OO!15VOO^^\
