Pq"1;1;24;24#0;2;100;100;100#1;2;0;0;0#0!24~-#0!24~-#0!24~-#0!24~\
